DANGEROUS: Dangerous unquoted expr at `$x` in `expr $x`

