WARNING: Unquoted expr at `1` in `expr 1`
WARNING: Unquoted expr at `2` in `expr 2`

