WARNING: Unquoted expr at `1` in `expr 1`
WARNING: Unquoted expr at `2` in `expr 2`
WARNING: Unquoted expr at `3` in `expr 3`
WARNING: Unquoted expr at `4` in `expr 4`
WARNING: Unquoted expr at `5` in `expr 5`
WARNING: Unquoted expr at `6` in `expr 6`
WARNING: Unquoted expr at `7` in `expr 7`
WARNING: Unquoted expr at `8` in `expr 8`
WARNING: Unquoted expr at `9` in `expr 9`
WARNING: Unquoted expr at `10` in `expr 10`

