DANGEROUS: Use of unsafe command: at `uplevel` in `uplevel`
DANGEROUS: Use of unsafe command: at `history` in `history`

