WARNING: Unquoted expr at `1` in `expr 1`
WARNING: Unquoted expr at `2` in `expr 2`
WARNING: Unquoted expr at `3` in `expr 3`
WARNING: Unquoted expr at `4` in `expr 4`

