WARNING: Unquoted expr at `1` in `expr 1 + $one`
WARNING: Unquoted expr at `+` in `expr 1 + $one`
DANGEROUS: Dangerous unquoted expr at `$one` in `expr 1 + $one`

